[INFO] Scanning for projects...
[WARNING] 
[WARNING] Some problems were encountered while building the effective model for com.example:Inspire_Environment:jar:0.0.1-SNAPSHOT
[WARNING] 'dependencies.dependency.(groupId:artifactId:type:classifier)' must be unique: org.projectlombok:lombok:jar -> duplicate declaration of version (?) @ line 119, column 21
[WARNING] 
[WARNING] It is highly recommended to fix these problems because they threaten the stability of your build.
[WARNING] 
[WARNING] For this reason, future Maven versions might no longer support building such malformed projects.
[WARNING] 
[INFO] 
[INFO] ------------------< com.example:Inspire_Environment >-------------------
[INFO] Building Inspire_Environment 0.0.1-SNAPSHOT
[INFO]   from pom.xml
[INFO] --------------------------------[ jar ]---------------------------------
[INFO] 
[INFO] --- clean:3.5.0:clean (default-clean) @ Inspire_Environment ---
[INFO] Deleting C:\Users\Youcode\IdeaProjects\Inspire_Environment\target
[INFO] 
[INFO] --- resources:3.3.1:resources (default-resources) @ Inspire_Environment ---
[INFO] Copying 1 resource from src\main\resources to target\classes
[INFO] Copying 0 resource from src\main\resources to target\classes
[INFO] 
[INFO] --- compiler:3.14.1:compile (default-compile) @ Inspire_Environment ---
[INFO] Recompiling the module because of changed source code.
[INFO] Compiling 88 source files with javac [debug parameters release 17] to target\classes
[WARNING] /C:/Users/Youcode/IdeaProjects/Inspire_Environment/src/main/java/com/example/inspire_environment/dto/response/AuthResponse.java:[15,20] @Builder will ignore the initializing expression entirely. If you want the initializing expression to serve as default, add @Builder.Default. If it is not supposed to be settable during building, make the field final.
[WARNING] /C:/Users/Youcode/IdeaProjects/Inspire_Environment/src/main/java/com/example/inspire_environment/mapper/StaffMapper.java:[28,11] Unmapped target property: "refreshToken".
[WARNING] /C:/Users/Youcode/IdeaProjects/Inspire_Environment/src/main/java/com/example/inspire_environment/mapper/StaffMapper.java:[38,10] Unmapped target property: "refreshToken".
[WARNING] /C:/Users/Youcode/IdeaProjects/Inspire_Environment/src/main/java/com/example/inspire_environment/mapper/AttendanceMapper.java:[21,16] Unmapped target property: "student".
[WARNING] /C:/Users/Youcode/IdeaProjects/Inspire_Environment/src/main/java/com/example/inspire_environment/mapper/AttendanceMapper.java:[27,10] Unmapped target property: "student".
[WARNING] /C:/Users/Youcode/IdeaProjects/Inspire_Environment/src/main/java/com/example/inspire_environment/mapper/StudentMapper.java:[29,13] Unmapped target properties: "refreshToken, presences".
[WARNING] /C:/Users/Youcode/IdeaProjects/Inspire_Environment/src/main/java/com/example/inspire_environment/mapper/StudentMapper.java:[39,10] Unmapped target properties: "refreshToken, presences".
[INFO] ------------------------------------------------------------------------
[INFO] BUILD SUCCESS
[INFO] ------------------------------------------------------------------------
[INFO] Total time:  10.084 s
[INFO] Finished at: 2026-03-12T11:24:22Z
[INFO] ------------------------------------------------------------------------
